// Jest Snapshot v1, https://goo.gl/fbAQLP

exports[`calculator snapshot test 1`] = `
<div
  className="page calc-page"
>
  <h2
    className="calc-title"
  >
    Let's do some Math!
  </h2>
  <div
    className="wrapper"
  >
    <div
      className="result"
    >
      0
    </div>
    <div
      className="buttons-container"
    >
      <button
        className="button"
        name="AC"
        onClick={[Function]}
      >
        AC
      </button>
      <button
        className="button"
        name="+/-"
        onClick={[Function]}
      >
        +/-
      </button>
      <button
        className="button"
        name="%"
        onClick={[Function]}
      >
        %
      </button>
      <button
        className="button sign"
        name="รท"
        onClick={[Function]}
      >
        รท
      </button>
      <button
        className="button"
        name="7"
        onClick={[Function]}
      >
        7
      </button>
      <button
        className="button"
        name="8"
        onClick={[Function]}
      >
        8
      </button>
      <button
        className="button"
        name="9"
        onClick={[Function]}
      >
        9
      </button>
      <button
        className="button sign"
        name="x"
        onClick={[Function]}
      >
        x
      </button>
      <button
        className="button"
        name="4"
        onClick={[Function]}
      >
        4
      </button>
      <button
        className="button"
        name="5"
        onClick={[Function]}
      >
        5
      </button>
      <button
        className="button"
        name="6"
        onClick={[Function]}
      >
        6
      </button>
      <button
        className="button sign"
        name="-"
        onClick={[Function]}
      >
        -
      </button>
      <button
        className="button"
        name="1"
        onClick={[Function]}
      >
        1
      </button>
      <button
        className="button"
        name="2"
        onClick={[Function]}
      >
        2
      </button>
      <button
        className="button"
        name="3"
        onClick={[Function]}
      >
        3
      </button>
      <button
        className="button sign"
        name="+"
        onClick={[Function]}
      >
        +
      </button>
      <button
        className="button zero"
        name="0"
        onClick={[Function]}
      >
        0
      </button>
      <button
        className="button"
        name="."
        onClick={[Function]}
      >
        .
      </button>
      <button
        className="button"
        name="="
        onClick={[Function]}
      >
        =
      </button>
    </div>
  </div>
</div>
`;
